<html>
<body>
<pre>
<h1>µVision Build Log</h1>
<h2>Tool Versions:</h2>
IDE-Version: ¦ÌVision V5.27.1.0
Copyright (C) 2019 ARM Ltd and ARM Germany GmbH. All rights reserved.
License Information: 3243 3432, 34534, LIC=YA39U-SP4HF-X7XRZ-JMINQ-WTZ5J-RP36X
 
Tool Versions:
Toolchain:       MDK-ARM Plus  Version: 5.27.1.0
Toolchain Path:  D:\Keil_v5\ARM\ARMCC\Bin
C Compiler:      Armcc.exe V5.06 update 6 (build 750)
Assembler:       Armasm.exe V5.06 update 6 (build 750)
Linker/Locator:  ArmLink.exe V5.06 update 6 (build 750)
Library Manager: ArmAr.exe V5.06 update 6 (build 750)
Hex Converter:   FromElf.exe V5.06 update 6 (build 750)
CPU DLL:         SARMCM3.DLL V5.27.1.0
Dialog DLL:      DCM.DLL V1.17.2.0
Target DLL:      STLink\ST-LINKIII-KEIL_SWO.dll V3.0.6.0
Dialog DLL:      TCM.DLL V1.36.1.0
 
<h2>Project:</h2>
C:\Users\Fubiao.Guo\Desktop\stm32f429demo\SmartBin - test -fuben\MDK-ARM\SmartBin.uvprojx
Project File Date:  08/10/2019

<h2>Output:</h2>
*** Using Compiler 'V5.06 update 6 (build 750)', folder: 'D:\Keil_v5\ARM\ARMCC\Bin'
Build target 'SmartBin'
compiling app.c...
..\APP\app.h(71): warning:  #1295-D: Deprecated declaration GSM_HTTP_INIT - give arg types
  void GSM_HTTP_INIT();
..\APP\app.h(76): warning:  #1295-D: Deprecated declaration System_init_param_init - give arg types
  void System_init_param_init();
..\APP\app.h(78): warning:  #1295-D: Deprecated declaration timer_update - give arg types
  void timer_update();
..\APP\app.h(80): warning:  #1295-D: Deprecated declaration System_ilde_task - give arg types
  void System_ilde_task();
..\APP\app.h(82): warning:  #1295-D: Deprecated declaration resend_task - give arg types
  void resend_task();
..\APP\app.h(90): warning:  #1295-D: Deprecated declaration all_usart_rec_data - give arg types
  void all_usart_rec_data();
..\APP\app.h(92): warning:  #1295-D: Deprecated declaration GSM_HTTP_INIT - give arg types
  void GSM_HTTP_INIT();
..\APP\app.h(98): warning:  #1295-D: Deprecated declaration inity - give arg types
  void inity();
..\bsp\bsp_rc522.h(151): warning:  #1295-D: Deprecated declaration rc522_find_card - give arg types
  uint8_t rc522_find_card();
..\bsp\bsp_rc522.h(153): warning:  #1295-D: Deprecated declaration test_rc522_init - give arg types
  void test_rc522_init();
..\bsp\bsp_scaner.h(18): warning:  #1295-D: Deprecated declaration test_zhuc - give arg types
  void test_zhuc();
..\bsp\bsp_scaner.h(20): warning:  #1295-D: Deprecated declaration test_zhu1c - give arg types
  void test_zhu1c();
..\bsp\bsp_scaner.h(22): warning:  #1295-D: Deprecated declaration DMA_USART2_IDLE_INIT - give arg types
  void DMA_USART2_IDLE_INIT();
..\bsp\bsp_gsm800a.h(83): warning:  #1-D: last line of file ends without a newline
  #endif
..\bsp\bsp_print.h(20): warning:  #1-D: last line of file ends without a newline
  #endif
..\bsp\md5.h(48): warning:  #1-D: last line of file ends without a newline
  #endif
..\bsp\bsp_door.h(37): warning:  #1-D: last line of file ends without a newline
  #endif
..\bsp\bsp_led.h(28): warning:  #1-D: last line of file ends without a newline
  #endif
..\bsp\bsp_weight.h(34): warning:  #1-D: last line of file ends without a newline
  #endif
..\bsp\bsp_rtc.h(37): warning:  #1295-D: Deprecated declaration get_timer - give arg types
  uint32_t get_timer();
..\APP\app.c(87): warning:  #167-D: argument of type "uint8_t *" is incompatible with parameter of type "char *restrict"
      sprintf(Bin_System.timestamp,"%d",get_timer());
..\APP\app.c(187): warning:  #167-D: argument of type "char *(*)(char *, char *, char *, char *)" is incompatible with parameter of type "CallbackTemplate"
          if(gsm_post_getinfo(&UsartType3,(char *)Bin_System.appid,(char *)Bin_System.appkey,(char *)Bin_System.account,(char *)Bin_System.timestamp,MD5_data))
..\APP\app.c(284): warning:  #223-D: function "close_http" declared implicitly
  									close_http(&UsartType3);
..\APP\app.c(298): warning:  #167-D: argument of type "char *(*)(char *, char *, char *, char *)" is incompatible with parameter of type "CallbackTemplate"
          if(gsm_post_openpsuh(&UsartType3,(char *)Bin_System.appid,(char *)Bin_System.appkey,(char *)Bin_System.account,(char *)Bin_System.timestamp,MD5_data,
..\APP\app.c(299): warning:  #167-D: argument of type "uint8_t *" is incompatible with parameter of type "char *"
..\APP\app.c(299): warning:  #167-D: argument of type "uint8_t *" is incompatible with parameter of type "char *"
..\APP\app.c(299): warning:  #167-D: argument of type "uint8_t *" is incompatible with parameter of type "char *"
..\APP\app.c(360): warning:  #167-D: argument of type "char *(*)(char *, char *, char *, char *)" is incompatible with parameter of type "CallbackTemplate"
                               (char *)Bin_System.appkey,(char *)Bin_System.account,(char *)Bin_System.timestamp,MD5_data);
..\APP\app.c(407): warning:  #167-D: argument of type "char *(*)(char *, char *, char *, char *)" is incompatible with parameter of type "CallbackTemplate"
                                (char *)Bin_System.appkey,(char *)Bin_System.account,(char *)gsm_param.timestamp,MD5_data,
..\APP\app.c(491): warning:  #223-D: function "close_http" declared implicitly
  									close_http(usart);
..\APP\app.c(503): warning:  #223-D: function "close_http" declared implicitly
                       		close_http(usart);
..\APP\app.c: 31 warnings, 0 errors
linking...
Program Size: Code=31576 RO-data=900 RW-data=492 ZI-data=71772  
FromELF: creating hex file...
"SmartBin\SmartBin.axf" - 0 Error(s), 31 Warning(s).

<h2>Software Packages used:</h2>

Package Vendor: Keil
                http://www.keil.com/pack/Keil.STM32F4xx_DFP.2.13.0.pack
                Keil.STM32F4xx_DFP.2.13.0
                STMicroelectronics STM32F4 Series Device Support, Drivers and Examples

<h2>Collection of Component include folders:</h2>
  .\RTE\_SmartBin
  D:\Users\Fubiao.Guo\AppData\Local\Arm\Packs\Keil\STM32F4xx_DFP\2.13.0\Drivers\CMSIS\Device\ST\STM32F4xx\Include

<h2>Collection of Component Files used:</h2>
Build Time Elapsed:  00:00:04
</pre>
</body>
</html>
